Flow report for alu_fpga
Tue Jan 21 11:05:53 2025
Quartus Prime Version 21.1.1 Build 850 06/23/2022 SJ Standard Edition


---------------------
; Table of Contents ;
---------------------
  1. Legal Notice
  2. Flow Summary
  3. Flow Settings
  4. Flow Non-Default Global Settings
  5. Flow Elapsed Time
  6. Flow OS Summary
  7. Flow Log
  8. Flow Messages
  9. Flow Suppressed Messages



----------------
; Legal Notice ;
----------------
Copyright (C) 2022  Intel Corporation. All rights reserved.
Your use of Intel Corporation's design tools, logic functions 
and other software and tools, and any partner logic 
functions, and any output files from any of the foregoing 
(including device programming or simulation files), and any 
associated documentation or information are expressly subject 
to the terms and conditions of the Intel Program License 
Subscription Agreement, the Intel Quartus Prime License Agreement,
the Intel FPGA IP License Agreement, or other applicable license
agreement, including, without limitation, that your use is for
the sole purpose of programming logic devices manufactured by
Intel and sold by Intel or its authorized distributors.  Please
refer to the applicable agreement for further details, at
https://fpgasoftware.intel.com/eula.



+--------------------------------------------------------------------------------------+
; Flow Summary                                                                         ;
+------------------------------------+-------------------------------------------------+
; Flow Status                        ; Successful - Tue Jan 21 11:05:53 2025           ;
; Quartus Prime Version              ; 21.1.1 Build 850 06/23/2022 SJ Standard Edition ;
; Revision Name                      ; alu_fpga                                        ;
; Top-level Entity Name              ; alu_fpga                                        ;
; Family                             ; Cyclone IV E                                    ;
; Device                             ; EP4CE115F29C8                                   ;
; Timing Models                      ; Final                                           ;
; Total logic elements               ; 359 / 114,480 ( < 1 % )                         ;
;     Total combinational functions  ; 359 / 114,480 ( < 1 % )                         ;
;     Dedicated logic registers      ; 0 / 114,480 ( 0 % )                             ;
; Total registers                    ; 0                                               ;
; Total pins                         ; 83 / 529 ( 16 % )                               ;
; Total virtual pins                 ; 0                                               ;
; Total memory bits                  ; 0 / 3,981,312 ( 0 % )                           ;
; Embedded Multiplier 9-bit elements ; 0 / 532 ( 0 % )                                 ;
; Total PLLs                         ; 0 / 4 ( 0 % )                                   ;
+------------------------------------+-------------------------------------------------+


+-----------------------------------------+
; Flow Settings                           ;
+-------------------+---------------------+
; Option            ; Setting             ;
+-------------------+---------------------+
; Start date & time ; 01/21/2025 11:05:25 ;
; Main task         ; Compilation         ;
; Revision Name     ; alu_fpga            ;
+-------------------+---------------------+


+----------------------------------------------------------------------------------------------------------------------------------------------+
; Flow Non-Default Global Settings                                                                                                             ;
+-------------------------------------+---------------------------------------------------------+---------------+-------------+----------------+
; Assignment Name                     ; Value                                                   ; Default Value ; Entity Name ; Section Id     ;
+-------------------------------------+---------------------------------------------------------+---------------+-------------+----------------+
; COMPILER_SIGNATURE_ID               ; 268891671204760.173747552515976                         ; --            ; --          ; --             ;
; EDA_GENERATE_FUNCTIONAL_NETLIST     ; On                                                      ; --            ; --          ; eda_simulation ;
; EDA_MAINTAIN_DESIGN_HIERARCHY       ; On                                                      ; --            ; --          ; eda_simulation ;
; EDA_OUTPUT_DATA_FORMAT              ; Verilog                                                 ; --            ; --          ; eda_simulation ;
; EDA_SIMULATION_TOOL                 ; ModelSim (Verilog)                                      ; <None>        ; --          ; --             ;
; EDA_TIME_SCALE                      ; 1 ps                                                    ; --            ; --          ; eda_simulation ;
; ENABLE_DRC_SETTINGS                 ; On                                                      ; Off           ; --          ; --             ;
; FMAX_REQUIREMENT                    ; 100 MHz                                                 ; --            ; --          ; --             ;
; NUM_PARALLEL_PROCESSORS             ; 4                                                       ; --            ; --          ; --             ;
; PARTITION_COLOR                     ; -- (Not supported for targeted family)                  ; --            ; --          ; Top            ;
; PARTITION_FITTER_PRESERVATION_LEVEL ; -- (Not supported for targeted family)                  ; --            ; --          ; Top            ;
; PARTITION_NETLIST_TYPE              ; -- (Not supported for targeted family)                  ; --            ; --          ; Top            ;
; PROJECT_OUTPUT_DIRECTORY            ; /home/ecegridfs/a/437mg005/ece437/processors/._alu_fpga ; --            ; --          ; --             ;
; SEARCH_PATH                         ; /home/ecegridfs/a/437mg005/ece437/processors/include    ; --            ; --          ; --             ;
; SMART_RECOMPILE                     ; On                                                      ; Off           ; --          ; --             ;
; TIMING_ANALYZER_DO_REPORT_TIMING    ; On                                                      ; Off           ; --          ; --             ;
; USE_GENERATED_PHYSICAL_CONSTRAINTS  ; Off                                                     ; --            ; --          ; eda_blast_fpga ;
; VERILOG_INPUT_VERSION               ; SystemVerilog_2005                                      ; Verilog_2001  ; --          ; --             ;
; VERILOG_SHOW_LMF_MAPPING_MESSAGES   ; Off                                                     ; --            ; --          ; --             ;
+-------------------------------------+---------------------------------------------------------+---------------+-------------+----------------+


+--------------------------------------------------------------------------------------------------------------------------+
; Flow Elapsed Time                                                                                                        ;
+----------------------+--------------+-------------------------+---------------------+------------------------------------+
; Module Name          ; Elapsed Time ; Average Processors Used ; Peak Virtual Memory ; Total CPU Time (on all processors) ;
+----------------------+--------------+-------------------------+---------------------+------------------------------------+
; Analysis & Synthesis ; 00:00:10     ; 1.0                     ; 443 MB              ; 00:00:19                           ;
; Fitter               ; 00:00:09     ; 1.0                     ; 1244 MB             ; 00:00:13                           ;
; Design Assistant     ; 00:00:01     ; 1.0                     ; 628 MB              ; 00:00:00                           ;
; Timing Analyzer      ; 00:00:02     ; 1.0                     ; 633 MB              ; 00:00:02                           ;
; Assembler            ; 00:00:04     ; 1.0                     ; 410 MB              ; 00:00:04                           ;
; Total                ; 00:00:26     ; --                      ; --                  ; 00:00:38                           ;
+----------------------+--------------+-------------------------+---------------------+------------------------------------+


+----------------------------------------------------------------------------------------+
; Flow OS Summary                                                                        ;
+----------------------+-------------------------+---------+------------+----------------+
; Module Name          ; Machine Hostname        ; OS Name ; OS Version ; Processor type ;
+----------------------+-------------------------+---------+------------+----------------+
; Analysis & Synthesis ; cparch15.ecn.purdue.edu ; Red Hat ; Red Hat    ; x86_64         ;
; Fitter               ; cparch15.ecn.purdue.edu ; Red Hat ; Red Hat    ; x86_64         ;
; Design Assistant     ; cparch15.ecn.purdue.edu ; Red Hat ; Red Hat    ; x86_64         ;
; Timing Analyzer      ; cparch15.ecn.purdue.edu ; Red Hat ; Red Hat    ; x86_64         ;
; Assembler            ; cparch15.ecn.purdue.edu ; Red Hat ; Red Hat    ; x86_64         ;
+----------------------+-------------------------+---------+------------+----------------+


------------
; Flow Log ;
------------
quartus_map --64bit alu_fpga -c alu_fpga
quartus_fit --64bit alu_fpga -c alu_fpga
quartus_drc --64bit alu_fpga -c alu_fpga
quartus_sta --64bit alu_fpga -c alu_fpga
quartus_asm alu_fpga -c alu_fpga



