Design Assistant report for alu_fpga
Tue Jan 21 11:05:46 2025
Quartus Prime Version 21.1.1 Build 850 06/23/2022 SJ Standard Edition


---------------------
; Table of Contents ;
---------------------
  1. Legal Notice
  2. Design Assistant Summary
  3. Design Assistant Settings
  4. Information only Violations
  5. Design Assistant Messages



----------------
; Legal Notice ;
----------------
Copyright (C) 2022  Intel Corporation. All rights reserved.
Your use of Intel Corporation's design tools, logic functions 
and other software and tools, and any partner logic 
functions, and any output files from any of the foregoing 
(including device programming or simulation files), and any 
associated documentation or information are expressly subject 
to the terms and conditions of the Intel Program License 
Subscription Agreement, the Intel Quartus Prime License Agreement,
the Intel FPGA IP License Agreement, or other applicable license
agreement, including, without limitation, that your use is for
the sole purpose of programming logic devices manufactured by
Intel and sold by Intel or its authorized distributors.  Please
refer to the applicable agreement for further details, at
https://fpgasoftware.intel.com/eula.



+-------------------------------------------------------------------------+
; Design Assistant Summary                                                ;
+-----------------------------------+-------------------------------------+
; Design Assistant Status           ; Analyzed - Tue Jan 21 11:05:46 2025 ;
; Revision Name                     ; alu_fpga                            ;
; Top-level Entity Name             ; alu_fpga                            ;
; Family                            ; Cyclone IV E                        ;
; Total Critical Violations         ; 0                                   ;
; Total High Violations             ; 0                                   ;
; Total Medium Violations           ; 0                                   ;
; Total Information only Violations ; 50                                  ;
; - Rule T102                       ; 50                                  ;
+-----------------------------------+-------------------------------------+


+------------------------------------------------------------------------------------------------------------------------------------------------------------------------------------------+
; Design Assistant Settings                                                                                                                                                                ;
+----------------------------------------------------------------------------------------------------------------------------------------------------------------------+--------------+----+
; Option                                                                                                                                                               ; Setting      ; To ;
+----------------------------------------------------------------------------------------------------------------------------------------------------------------------+--------------+----+
; Design Assistant mode                                                                                                                                                ; Post-Fitting ;    ;
; Threshold value for clock net not mapped to clock spines rule                                                                                                        ; 25           ;    ;
; Minimum number of clock port feed by gated clocks                                                                                                                    ; 30           ;    ;
; Minimum number of node fan-out                                                                                                                                       ; 30           ;    ;
; Maximum number of nodes to report                                                                                                                                    ; 50           ;    ;
; Rule C101: Gated clock should be implemented according to the Intel FPGA standard scheme                                                                             ; On           ;    ;
; Rule C102: Logic cell should not be used to generate an inverted clock signal                                                                                        ; On           ;    ;
; Rule C103: Gated clock does not feed at least a pre-defined number of clock ports to effectively save power                                                          ; On           ;    ;
; Rule C104: Clock signal source should drive only clock input ports                                                                                                   ; On           ;    ;
; Rule C105: Clock signal should be a global signal                                                                                                                    ; On           ;    ;
; Rule C106: Clock signal source should not drive registers triggered by different clock edges                                                                         ; On           ;    ;
; Rule R101: Combinational logic used as a reset signal should be synchronized                                                                                         ; On           ;    ;
; Rule R102: External reset signals should be synchronized using two cascaded registers                                                                                ; On           ;    ;
; Rule R103: External reset signal should be correctly synchronized                                                                                                    ; On           ;    ;
; Rule R104: The reset signal that is generated in one clock domain and used in another clock domain should be correctly synchronized                                  ; On           ;    ;
; Rule R105: The reset signal that is generated in one clock domain and used in another clock domain should be synchronized                                            ; On           ;    ;
; Rule T101: Nodes with more than the specified number of fan-outs                                                                                                     ; On           ;    ;
; Rule T102: Top nodes with the highest number of fan-outs                                                                                                             ; On           ;    ;
; Rule A101: Design should not contain combinational loops                                                                                                             ; On           ;    ;
; Rule A102: Register output should not drive its own control signal directly or through combinational logic                                                           ; On           ;    ;
; Rule A103: Design should not contain delay chains                                                                                                                    ; On           ;    ;
; Rule A104: Design should not contain ripple clock structures                                                                                                         ; On           ;    ;
; Rule A105: Pulses should not be implemented asynchronously                                                                                                           ; On           ;    ;
; Rule A106: Multiple pulses should not be generated in design                                                                                                         ; On           ;    ;
; Rule A107: Design should not contain SR latches                                                                                                                      ; On           ;    ;
; Rule A108: Design should not contain latches                                                                                                                         ; On           ;    ;
; Rule S101: Output enable and input of the same tri-state node should not be driven by same signal source                                                             ; On           ;    ;
; Rule S102: Synchronous port and asynchronous port of the same register should not be driven by the same signal source                                                ; On           ;    ;
; Rule S103: More than one asynchronous port of a register should not be driven by the same signal source                                                              ; On           ;    ;
; Rule S104: Clock port and any other port of a register should not be driven by the same signal source                                                                ; On           ;    ;
; Rule D101: Data bits are not synchronized when transferred between asynchronous clock domains                                                                        ; On           ;    ;
; Rule D102: Multiple data bits that are transferred across asynchronous clock domains are synchronized, but not all bits may be aligned in the receiving clock domain ; On           ;    ;
; Rule D103: Data bits are not correctly synchronized when transferred between asynchronous clock domains                                                              ; On           ;    ;
+----------------------------------------------------------------------------------------------------------------------------------------------------------------------+--------------+----+


+--------------------------------------------------------------------------------------------+
; Information only Violations                                                                ;
+----------------------------------------------------------+-----------------------+---------+
; Rule name                                                ; Name                  ; Fan-Out ;
+----------------------------------------------------------+-----------------------+---------+
; Rule T102: Top nodes with the highest number of fan-outs ; B[2]~2                ; 22      ;
; Rule T102: Top nodes with the highest number of fan-outs ; B[1]~1                ; 17      ;
; Rule T102: Top nodes with the highest number of fan-outs ; B[4]~4                ; 13      ;
; Rule T102: Top nodes with the highest number of fan-outs ; B[3]~3                ; 13      ;
; Rule T102: Top nodes with the highest number of fan-outs ; alu:DUT|Add1~34       ; 11      ;
; Rule T102: Top nodes with the highest number of fan-outs ; B[0]~0                ; 10      ;
; Rule T102: Top nodes with the highest number of fan-outs ; alu:DUT|Mux12~4       ; 8       ;
; Rule T102: Top nodes with the highest number of fan-outs ; alu:DUT|Mux27~0       ; 8       ;
; Rule T102: Top nodes with the highest number of fan-outs ; alu:DUT|Mux12~3       ; 8       ;
; Rule T102: Top nodes with the highest number of fan-outs ; alu:DUT|Mux30~7       ; 7       ;
; Rule T102: Top nodes with the highest number of fan-outs ; alu:DUT|Mux8~2        ; 7       ;
; Rule T102: Top nodes with the highest number of fan-outs ; alu:DUT|Mux20~6       ; 7       ;
; Rule T102: Top nodes with the highest number of fan-outs ; alu:DUT|Mux25~5       ; 7       ;
; Rule T102: Top nodes with the highest number of fan-outs ; alu:DUT|Mux23~7       ; 7       ;
; Rule T102: Top nodes with the highest number of fan-outs ; alu:DUT|Mux15~7       ; 7       ;
; Rule T102: Top nodes with the highest number of fan-outs ; alu:DUT|Mux29~9       ; 7       ;
; Rule T102: Top nodes with the highest number of fan-outs ; alu:DUT|Mux19~5       ; 7       ;
; Rule T102: Top nodes with the highest number of fan-outs ; alu:DUT|Mux21~4       ; 7       ;
; Rule T102: Top nodes with the highest number of fan-outs ; alu:DUT|Mux15~4       ; 7       ;
; Rule T102: Top nodes with the highest number of fan-outs ; alu:DUT|Mux31~11      ; 7       ;
; Rule T102: Top nodes with the highest number of fan-outs ; alu:DUT|Mux28~12      ; 7       ;
; Rule T102: Top nodes with the highest number of fan-outs ; alu:DUT|Mux24~18      ; 7       ;
; Rule T102: Top nodes with the highest number of fan-outs ; alu:DUT|Mux4~1        ; 7       ;
; Rule T102: Top nodes with the highest number of fan-outs ; alu:DUT|Mux14~4       ; 7       ;
; Rule T102: Top nodes with the highest number of fan-outs ; alu:DUT|Mux13~1       ; 7       ;
; Rule T102: Top nodes with the highest number of fan-outs ; alu:DUT|Mux12~7       ; 7       ;
; Rule T102: Top nodes with the highest number of fan-outs ; alu:DUT|Mux26~7       ; 7       ;
; Rule T102: Top nodes with the highest number of fan-outs ; alu:DUT|Mux5~1        ; 7       ;
; Rule T102: Top nodes with the highest number of fan-outs ; alu:DUT|Mux7~1        ; 7       ;
; Rule T102: Top nodes with the highest number of fan-outs ; alu:DUT|Mux10~4       ; 7       ;
; Rule T102: Top nodes with the highest number of fan-outs ; alu:DUT|Mux17~4       ; 7       ;
; Rule T102: Top nodes with the highest number of fan-outs ; alu:DUT|Mux18~4       ; 7       ;
; Rule T102: Top nodes with the highest number of fan-outs ; alu:DUT|Mux9~4        ; 7       ;
; Rule T102: Top nodes with the highest number of fan-outs ; alu:DUT|Mux11~7       ; 7       ;
; Rule T102: Top nodes with the highest number of fan-outs ; alu:DUT|Mux27~8       ; 7       ;
; Rule T102: Top nodes with the highest number of fan-outs ; alu:DUT|Mux16~7       ; 7       ;
; Rule T102: Top nodes with the highest number of fan-outs ; alu:DUT|Mux6~1        ; 7       ;
; Rule T102: Top nodes with the highest number of fan-outs ; alu:DUT|Mux22~6       ; 7       ;
; Rule T102: Top nodes with the highest number of fan-outs ; alu:DUT|Mux31~8       ; 6       ;
; Rule T102: Top nodes with the highest number of fan-outs ; alu:DUT|Mux26~5       ; 6       ;
; Rule T102: Top nodes with the highest number of fan-outs ; alu:DUT|Mux28~4       ; 6       ;
; Rule T102: Top nodes with the highest number of fan-outs ; alu:DUT|Mux12~2       ; 6       ;
; Rule T102: Top nodes with the highest number of fan-outs ; alu:DUT|Mux24~12      ; 6       ;
; Rule T102: Top nodes with the highest number of fan-outs ; alu:DUT|ShiftLeft0~63 ; 5       ;
; Rule T102: Top nodes with the highest number of fan-outs ; alu:DUT|Mux28~13      ; 5       ;
; Rule T102: Top nodes with the highest number of fan-outs ; B[10]~10              ; 4       ;
; Rule T102: Top nodes with the highest number of fan-outs ; alu:DUT|Mux16~8       ; 4       ;
; Rule T102: Top nodes with the highest number of fan-outs ; alu:DUT|Mux24~19      ; 4       ;
; Rule T102: Top nodes with the highest number of fan-outs ; alu:DUT|Mux19~2       ; 4       ;
; Rule T102: Top nodes with the highest number of fan-outs ; B[9]~11               ; 4       ;
+----------------------------------------------------------+-----------------------+---------+


+---------------------------+
; Design Assistant Messages ;
+---------------------------+
Info: *******************************************************************
Info: Running Quartus Prime Design Assistant
    Info: Version 21.1.1 Build 850 06/23/2022 SJ Standard Edition
    Info: Copyright (C) 2022  Intel Corporation. All rights reserved.
    Info: Your use of Intel Corporation's design tools, logic functions 
    Info: and other software and tools, and any partner logic 
    Info: functions, and any output files from any of the foregoing 
    Info: (including device programming or simulation files), and any 
    Info: associated documentation or information are expressly subject 
    Info: to the terms and conditions of the Intel Program License 
    Info: Subscription Agreement, the Intel Quartus Prime License Agreement,
    Info: the Intel FPGA IP License Agreement, or other applicable license
    Info: agreement, including, without limitation, that your use is for
    Info: the sole purpose of programming logic devices manufactured by
    Info: Intel and sold by Intel or its authorized distributors.  Please
    Info: refer to the applicable agreement for further details, at
    Info: https://fpgasoftware.intel.com/eula.
    Info: Processing started: Tue Jan 21 11:05:45 2025
Info: Command: quartus_drc --64bit alu_fpga -c alu_fpga
Info (332104): Reading SDC File: 'alu_fpga.sdc'
Warning (332174): Ignored filter at alu_fpga.sdc(1): CLK could not be matched with a port File: /home/ecegridfs/a/437mg005/ece437/processors/._alu_fpga/alu_fpga.sdc Line: 1
Warning (332049): Ignored create_clock at alu_fpga.sdc(1): Argument <targets> is an empty collection File: /home/ecegridfs/a/437mg005/ece437/processors/._alu_fpga/alu_fpga.sdc Line: 1
    Info (332050): create_clock -name CLK [get_ports {CLK}] -period 100MHz File: /home/ecegridfs/a/437mg005/ece437/processors/._alu_fpga/alu_fpga.sdc Line: 1
Warning (332174): Ignored filter at alu_fpga.sdc(3): CPUCLK|q could not be matched with a pin File: /home/ecegridfs/a/437mg005/ece437/processors/._alu_fpga/alu_fpga.sdc Line: 3
Critical Warning (332049): Ignored create_generated_clock at alu_fpga.sdc(3): Argument <targets> is an empty collection File: /home/ecegridfs/a/437mg005/ece437/processors/._alu_fpga/alu_fpga.sdc Line: 3
    Info (332050): create_generated_clock -divide_by 2 -source [get_ports CLK] -name CPUCLK [get_pins CPUCLK|q] File: /home/ecegridfs/a/437mg005/ece437/processors/._alu_fpga/alu_fpga.sdc Line: 3
Warning (332049): Ignored create_generated_clock at alu_fpga.sdc(3): Argument -source is an empty collection File: /home/ecegridfs/a/437mg005/ece437/processors/._alu_fpga/alu_fpga.sdc Line: 3
Warning (332174): Ignored filter at alu_fpga.sdc(4): system:SYS|CPUCLK|q could not be matched with a pin File: /home/ecegridfs/a/437mg005/ece437/processors/._alu_fpga/alu_fpga.sdc Line: 4
Critical Warning (332049): Ignored create_generated_clock at alu_fpga.sdc(4): Argument <targets> is an empty collection File: /home/ecegridfs/a/437mg005/ece437/processors/._alu_fpga/alu_fpga.sdc Line: 4
    Info (332050): create_generated_clock -divide_by 2 -source [get_ports CLOCK_50] -name CPUCLK [get_pins system:SYS|CPUCLK|q] File: /home/ecegridfs/a/437mg005/ece437/processors/._alu_fpga/alu_fpga.sdc Line: 4
Info (308044): (Information) Rule T102: Top nodes with the highest number of fan-outs. (Value defined:50). Found 50 node(s) with highest fan-out.
    Info (308011): Node  "B[2]~2" File: /home/ecegridfs/a/437mg005/ece437/processors/source/alu_fpga.sv Line: 20
    Info (308011): Node  "B[1]~1" File: /home/ecegridfs/a/437mg005/ece437/processors/source/alu_fpga.sv Line: 20
    Info (308011): Node  "B[4]~4" File: /home/ecegridfs/a/437mg005/ece437/processors/source/alu_fpga.sv Line: 20
    Info (308011): Node  "B[3]~3" File: /home/ecegridfs/a/437mg005/ece437/processors/source/alu_fpga.sv Line: 20
    Info (308011): Node  "alu:DUT|Add1~34" File: /home/ecegridfs/a/437mg005/ece437/processors/source/alu.sv Line: 23
    Info (308011): Node  "B[0]~0" File: /home/ecegridfs/a/437mg005/ece437/processors/source/alu_fpga.sv Line: 20
    Info (308011): Node  "alu:DUT|Mux12~4" File: /home/ecegridfs/a/437mg005/ece437/processors/source/alu.sv Line: 21
    Info (308011): Node  "alu:DUT|Mux27~0" File: /home/ecegridfs/a/437mg005/ece437/processors/source/alu.sv Line: 21
    Info (308011): Node  "alu:DUT|Mux12~3" File: /home/ecegridfs/a/437mg005/ece437/processors/source/alu.sv Line: 21
    Info (308011): Node  "alu:DUT|Mux30~7" File: /home/ecegridfs/a/437mg005/ece437/processors/source/alu.sv Line: 21
    Info (308011): Node  "alu:DUT|Mux8~2" File: /home/ecegridfs/a/437mg005/ece437/processors/source/alu.sv Line: 21
    Info (308011): Node  "alu:DUT|Mux20~6" File: /home/ecegridfs/a/437mg005/ece437/processors/source/alu.sv Line: 21
    Info (308011): Node  "alu:DUT|Mux25~5" File: /home/ecegridfs/a/437mg005/ece437/processors/source/alu.sv Line: 21
    Info (308011): Node  "alu:DUT|Mux23~7" File: /home/ecegridfs/a/437mg005/ece437/processors/source/alu.sv Line: 21
    Info (308011): Node  "alu:DUT|Mux15~7" File: /home/ecegridfs/a/437mg005/ece437/processors/source/alu.sv Line: 21
    Info (308011): Node  "alu:DUT|Mux29~9" File: /home/ecegridfs/a/437mg005/ece437/processors/source/alu.sv Line: 21
    Info (308011): Node  "alu:DUT|Mux19~5" File: /home/ecegridfs/a/437mg005/ece437/processors/source/alu.sv Line: 21
    Info (308011): Node  "alu:DUT|Mux21~4" File: /home/ecegridfs/a/437mg005/ece437/processors/source/alu.sv Line: 21
    Info (308011): Node  "alu:DUT|Mux15~4" File: /home/ecegridfs/a/437mg005/ece437/processors/source/alu.sv Line: 21
    Info (308011): Node  "alu:DUT|Mux31~11" File: /home/ecegridfs/a/437mg005/ece437/processors/source/alu.sv Line: 21
    Info (308011): Node  "alu:DUT|Mux28~12" File: /home/ecegridfs/a/437mg005/ece437/processors/source/alu.sv Line: 21
    Info (308011): Node  "alu:DUT|Mux24~18" File: /home/ecegridfs/a/437mg005/ece437/processors/source/alu.sv Line: 21
    Info (308011): Node  "alu:DUT|Mux4~1" File: /home/ecegridfs/a/437mg005/ece437/processors/source/alu.sv Line: 21
    Info (308011): Node  "alu:DUT|Mux14~4" File: /home/ecegridfs/a/437mg005/ece437/processors/source/alu.sv Line: 21
    Info (308011): Node  "alu:DUT|Mux13~1" File: /home/ecegridfs/a/437mg005/ece437/processors/source/alu.sv Line: 21
    Info (308011): Node  "alu:DUT|Mux12~7" File: /home/ecegridfs/a/437mg005/ece437/processors/source/alu.sv Line: 21
    Info (308011): Node  "alu:DUT|Mux26~7" File: /home/ecegridfs/a/437mg005/ece437/processors/source/alu.sv Line: 21
    Info (308011): Node  "alu:DUT|Mux5~1" File: /home/ecegridfs/a/437mg005/ece437/processors/source/alu.sv Line: 21
    Info (308011): Node  "alu:DUT|Mux7~1" File: /home/ecegridfs/a/437mg005/ece437/processors/source/alu.sv Line: 21
    Info (308011): Node  "alu:DUT|Mux10~4" File: /home/ecegridfs/a/437mg005/ece437/processors/source/alu.sv Line: 21
    Info (308002): Truncated list of Design Assistant messages to 30 messages. Go to sections under Design Assistant section of Compilation Report for complete lists of Design Assistant messages generated.
Info (308007): Design Assistant information: finished post-fitting analysis of current design -- generated 50 information messages and 0 warning messages
Info: Quartus Prime Design Assistant was successful. 0 errors, 7 warnings
    Info: Peak virtual memory: 628 megabytes
    Info: Processing ended: Tue Jan 21 11:05:46 2025
    Info: Elapsed time: 00:00:01
    Info: Total CPU time (on all processors): 00:00:00


