------------------------------------------------------------
Timing Analyzer Summary
------------------------------------------------------------

Type  : Slow 1200mV 85C Model Setup 'CLK'
Slack : -19.665
TNS   : -3958.074

Type  : Slow 1200mV 85C Model Setup 'CPUCLK'
Slack : -16.972
TNS   : -82670.731

Type  : Slow 1200mV 85C Model Setup 'altera_reserved_tck'
Slack : 43.247
TNS   : 0.000

Type  : Slow 1200mV 85C Model Hold 'CPUCLK'
Slack : 0.037
TNS   : 0.000

Type  : Slow 1200mV 85C Model Hold 'CLK'
Slack : 0.442
TNS   : 0.000

Type  : Slow 1200mV 85C Model Hold 'altera_reserved_tck'
Slack : 0.442
TNS   : 0.000

Type  : Slow 1200mV 85C Model Recovery 'altera_reserved_tck'
Slack : 97.212
TNS   : 0.000

Type  : Slow 1200mV 85C Model Removal 'altera_reserved_tck'
Slack : 1.343
TNS   : 0.000

Type  : Slow 1200mV 85C Model Minimum Pulse Width 'CLK'
Slack : -1.701
TNS   : -328.092

Type  : Slow 1200mV 85C Model Minimum Pulse Width 'CPUCLK'
Slack : 2.103
TNS   : 0.000

Type  : Slow 1200mV 85C Model Minimum Pulse Width 'altera_reserved_tck'
Slack : 49.487
TNS   : 0.000

Type  : Slow 1200mV 0C Model Setup 'CLK'
Slack : -18.629
TNS   : -3731.438

Type  : Slow 1200mV 0C Model Setup 'CPUCLK'
Slack : -16.083
TNS   : -77459.510

Type  : Slow 1200mV 0C Model Setup 'altera_reserved_tck'
Slack : 43.593
TNS   : 0.000

Type  : Slow 1200mV 0C Model Hold 'CPUCLK'
Slack : -0.023
TNS   : -0.038

Type  : Slow 1200mV 0C Model Hold 'CLK'
Slack : 0.391
TNS   : 0.000

Type  : Slow 1200mV 0C Model Hold 'altera_reserved_tck'
Slack : 0.392
TNS   : 0.000

Type  : Slow 1200mV 0C Model Recovery 'altera_reserved_tck'
Slack : 97.425
TNS   : 0.000

Type  : Slow 1200mV 0C Model Removal 'altera_reserved_tck'
Slack : 1.241
TNS   : 0.000

Type  : Slow 1200mV 0C Model Minimum Pulse Width 'CLK'
Slack : -1.701
TNS   : -328.092

Type  : Slow 1200mV 0C Model Minimum Pulse Width 'CPUCLK'
Slack : 2.020
TNS   : 0.000

Type  : Slow 1200mV 0C Model Minimum Pulse Width 'altera_reserved_tck'
Slack : 49.339
TNS   : 0.000

Type  : Fast 1200mV 0C Model Setup 'CLK'
Slack : -7.573
TNS   : -1456.146

Type  : Fast 1200mV 0C Model Setup 'CPUCLK'
Slack : -4.804
TNS   : -17839.394

Type  : Fast 1200mV 0C Model Setup 'altera_reserved_tck'
Slack : 47.171
TNS   : 0.000

Type  : Fast 1200mV 0C Model Hold 'CPUCLK'
Slack : -0.196
TNS   : -0.363

Type  : Fast 1200mV 0C Model Hold 'altera_reserved_tck'
Slack : 0.178
TNS   : 0.000

Type  : Fast 1200mV 0C Model Hold 'CLK'
Slack : 0.181
TNS   : 0.000

Type  : Fast 1200mV 0C Model Recovery 'altera_reserved_tck'
Slack : 98.756
TNS   : 0.000

Type  : Fast 1200mV 0C Model Removal 'altera_reserved_tck'
Slack : 0.567
TNS   : 0.000

Type  : Fast 1200mV 0C Model Minimum Pulse Width 'CLK'
Slack : -1.500
TNS   : -1.500

Type  : Fast 1200mV 0C Model Minimum Pulse Width 'CPUCLK'
Slack : 2.193
TNS   : 0.000

Type  : Fast 1200mV 0C Model Minimum Pulse Width 'altera_reserved_tck'
Slack : 49.454
TNS   : 0.000

------------------------------------------------------------
