Flow report for system
Sat Feb 22 17:47:29 2025
Quartus Prime Version 21.1.1 Build 850 06/23/2022 SJ Standard Edition


---------------------
; Table of Contents ;
---------------------
  1. Legal Notice
  2. Flow Summary
  3. Flow Settings
  4. Flow Non-Default Global Settings
  5. Flow Elapsed Time
  6. Flow OS Summary
  7. Flow Log
  8. Flow Messages
  9. Flow Suppressed Messages



----------------
; Legal Notice ;
----------------
Copyright (C) 2022  Intel Corporation. All rights reserved.
Your use of Intel Corporation's design tools, logic functions 
and other software and tools, and any partner logic 
functions, and any output files from any of the foregoing 
(including device programming or simulation files), and any 
associated documentation or information are expressly subject 
to the terms and conditions of the Intel Program License 
Subscription Agreement, the Intel Quartus Prime License Agreement,
the Intel FPGA IP License Agreement, or other applicable license
agreement, including, without limitation, that your use is for
the sole purpose of programming logic devices manufactured by
Intel and sold by Intel or its authorized distributors.  Please
refer to the applicable agreement for further details, at
https://fpgasoftware.intel.com/eula.



+--------------------------------------------------------------------------------------+
; Flow Summary                                                                         ;
+------------------------------------+-------------------------------------------------+
; Flow Status                        ; Successful - Sat Feb 22 17:47:29 2025           ;
; Quartus Prime Version              ; 21.1.1 Build 850 06/23/2022 SJ Standard Edition ;
; Revision Name                      ; system                                          ;
; Top-level Entity Name              ; system                                          ;
; Family                             ; Cyclone IV E                                    ;
; Device                             ; EP4CE115F29C8                                   ;
; Timing Models                      ; Final                                           ;
; Total logic elements               ; 3,501 / 114,480 ( 3 % )                         ;
;     Total combinational functions  ; 3,368 / 114,480 ( 3 % )                         ;
;     Dedicated logic registers      ; 1,737 / 114,480 ( 2 % )                         ;
; Total registers                    ; 1738                                            ;
; Total pins                         ; 102 / 529 ( 19 % )                              ;
; Total virtual pins                 ; 0                                               ;
; Total memory bits                  ; 524,288 / 3,981,312 ( 13 % )                    ;
; Embedded Multiplier 9-bit elements ; 0 / 532 ( 0 % )                                 ;
; Total PLLs                         ; 0 / 4 ( 0 % )                                   ;
+------------------------------------+-------------------------------------------------+


+-----------------------------------------+
; Flow Settings                           ;
+-------------------+---------------------+
; Option            ; Setting             ;
+-------------------+---------------------+
; Start date & time ; 02/22/2025 17:40:01 ;
; Main task         ; Compilation         ;
; Revision Name     ; system              ;
+-------------------+---------------------+


+--------------------------------------------------------------------------------------------------------------------------------------------+
; Flow Non-Default Global Settings                                                                                                           ;
+-------------------------------------+-------------------------------------------------------+---------------+-------------+----------------+
; Assignment Name                     ; Value                                                 ; Default Value ; Entity Name ; Section Id     ;
+-------------------------------------+-------------------------------------------------------+---------------+-------------+----------------+
; COMPILER_SIGNATURE_ID               ; 13374259716170.174026400103357                        ; --            ; --          ; --             ;
; EDA_MAINTAIN_DESIGN_HIERARCHY       ; On                                                    ; --            ; --          ; eda_simulation ;
; EDA_OUTPUT_DATA_FORMAT              ; Verilog                                               ; --            ; --          ; eda_simulation ;
; EDA_SIMULATION_TOOL                 ; ModelSim (Verilog)                                    ; <None>        ; --          ; --             ;
; EDA_TIME_SCALE                      ; 1 ps                                                  ; --            ; --          ; eda_simulation ;
; ENABLE_DRC_SETTINGS                 ; On                                                    ; Off           ; --          ; --             ;
; FMAX_REQUIREMENT                    ; 120 MHz                                               ; --            ; --          ; --             ;
; NUM_PARALLEL_PROCESSORS             ; 4                                                     ; --            ; --          ; --             ;
; PARTITION_COLOR                     ; -- (Not supported for targeted family)                ; --            ; --          ; Top            ;
; PARTITION_FITTER_PRESERVATION_LEVEL ; -- (Not supported for targeted family)                ; --            ; --          ; Top            ;
; PARTITION_NETLIST_TYPE              ; -- (Not supported for targeted family)                ; --            ; --          ; Top            ;
; PROJECT_OUTPUT_DIRECTORY            ; /home/ecegridfs/a/437mg005/ece437/processors/._system ; --            ; --          ; --             ;
; SEARCH_PATH                         ; /home/ecegridfs/a/437mg005/ece437/processors/include  ; --            ; --          ; --             ;
; SMART_RECOMPILE                     ; On                                                    ; Off           ; --          ; --             ;
; TIMING_ANALYZER_DO_REPORT_TIMING    ; On                                                    ; Off           ; --          ; --             ;
; USE_GENERATED_PHYSICAL_CONSTRAINTS  ; Off                                                   ; --            ; --          ; eda_blast_fpga ;
; VERILOG_INPUT_VERSION               ; SystemVerilog_2005                                    ; Verilog_2001  ; --          ; --             ;
; VERILOG_SHOW_LMF_MAPPING_MESSAGES   ; Off                                                   ; --            ; --          ; --             ;
+-------------------------------------+-------------------------------------------------------+---------------+-------------+----------------+


+--------------------------------------------------------------------------------------------------------------------------+
; Flow Elapsed Time                                                                                                        ;
+----------------------+--------------+-------------------------+---------------------+------------------------------------+
; Module Name          ; Elapsed Time ; Average Processors Used ; Peak Virtual Memory ; Total CPU Time (on all processors) ;
+----------------------+--------------+-------------------------+---------------------+------------------------------------+
; Analysis & Synthesis ; 00:00:24     ; 1.0                     ; 516 MB              ; 00:00:35                           ;
; Fitter               ; 00:00:47     ; 1.0                     ; 1308 MB             ; 00:01:18                           ;
; Design Assistant     ; 00:00:01     ; 1.0                     ; 662 MB              ; 00:00:01                           ;
; Timing Analyzer      ; 00:00:05     ; 1.2                     ; 687 MB              ; 00:00:04                           ;
; EDA Netlist Writer   ; 00:00:02     ; 1.0                     ; 687 MB              ; 00:00:02                           ;
; MIF/HEX Update       ; 00:00:00     ; 1.0                     ; 764 MB              ; 00:00:01                           ;
; EDA Netlist Writer   ; 00:00:02     ; 1.0                     ; 687 MB              ; 00:00:02                           ;
; MIF/HEX Update       ; 00:00:01     ; 1.0                     ; 764 MB              ; 00:00:01                           ;
; EDA Netlist Writer   ; 00:00:02     ; 1.0                     ; 686 MB              ; 00:00:02                           ;
; MIF/HEX Update       ; 00:00:01     ; 1.0                     ; 762 MB              ; 00:00:01                           ;
; EDA Netlist Writer   ; 00:00:02     ; 1.0                     ; 686 MB              ; 00:00:02                           ;
; MIF/HEX Update       ; 00:00:01     ; 1.0                     ; 764 MB              ; 00:00:01                           ;
; EDA Netlist Writer   ; 00:00:02     ; 1.0                     ; 686 MB              ; 00:00:02                           ;
; MIF/HEX Update       ; 00:00:01     ; 1.0                     ; 766 MB              ; 00:00:01                           ;
; EDA Netlist Writer   ; 00:00:02     ; 1.0                     ; 687 MB              ; 00:00:02                           ;
; MIF/HEX Update       ; 00:00:01     ; 1.0                     ; 764 MB              ; 00:00:01                           ;
; EDA Netlist Writer   ; 00:00:02     ; 1.0                     ; 686 MB              ; 00:00:02                           ;
; MIF/HEX Update       ; 00:00:00     ; 1.0                     ; 764 MB              ; 00:00:01                           ;
; EDA Netlist Writer   ; 00:00:02     ; 1.0                     ; 686 MB              ; 00:00:02                           ;
; MIF/HEX Update       ; 00:00:01     ; 1.0                     ; 765 MB              ; 00:00:01                           ;
; EDA Netlist Writer   ; 00:00:02     ; 1.0                     ; 687 MB              ; 00:00:02                           ;
; MIF/HEX Update       ; 00:00:01     ; 1.0                     ; 764 MB              ; 00:00:01                           ;
; EDA Netlist Writer   ; 00:00:02     ; 1.0                     ; 686 MB              ; 00:00:02                           ;
; MIF/HEX Update       ; 00:00:01     ; 1.0                     ; 765 MB              ; 00:00:01                           ;
; EDA Netlist Writer   ; 00:00:02     ; 1.0                     ; 686 MB              ; 00:00:02                           ;
; MIF/HEX Update       ; 00:00:00     ; 1.0                     ; 764 MB              ; 00:00:01                           ;
; EDA Netlist Writer   ; 00:00:02     ; 1.0                     ; 687 MB              ; 00:00:02                           ;
; MIF/HEX Update       ; 00:00:01     ; 1.0                     ; 765 MB              ; 00:00:01                           ;
; EDA Netlist Writer   ; 00:00:02     ; 1.0                     ; 687 MB              ; 00:00:02                           ;
; MIF/HEX Update       ; 00:00:01     ; 1.0                     ; 765 MB              ; 00:00:01                           ;
; EDA Netlist Writer   ; 00:00:01     ; 1.0                     ; 686 MB              ; 00:00:02                           ;
; MIF/HEX Update       ; 00:00:01     ; 1.0                     ; 764 MB              ; 00:00:01                           ;
; EDA Netlist Writer   ; 00:00:02     ; 1.0                     ; 686 MB              ; 00:00:02                           ;
; MIF/HEX Update       ; 00:00:01     ; 1.0                     ; 764 MB              ; 00:00:01                           ;
; EDA Netlist Writer   ; 00:00:02     ; 1.0                     ; 689 MB              ; 00:00:02                           ;
; MIF/HEX Update       ; 00:00:00     ; 1.0                     ; 762 MB              ; 00:00:01                           ;
; EDA Netlist Writer   ; 00:00:02     ; 1.0                     ; 686 MB              ; 00:00:02                           ;
; MIF/HEX Update       ; 00:00:01     ; 1.0                     ; 764 MB              ; 00:00:01                           ;
; EDA Netlist Writer   ; 00:00:02     ; 1.0                     ; 686 MB              ; 00:00:02                           ;
; MIF/HEX Update       ; 00:00:00     ; 1.0                     ; 764 MB              ; 00:00:01                           ;
; EDA Netlist Writer   ; 00:00:02     ; 1.0                     ; 686 MB              ; 00:00:02                           ;
; MIF/HEX Update       ; 00:00:01     ; 1.0                     ; 764 MB              ; 00:00:01                           ;
; EDA Netlist Writer   ; 00:00:02     ; 1.0                     ; 687 MB              ; 00:00:02                           ;
; MIF/HEX Update       ; 00:00:00     ; 1.0                     ; 763 MB              ; 00:00:01                           ;
; Total                ; 00:02:10     ; --                      ; --                  ; 00:02:58                           ;
+----------------------+--------------+-------------------------+---------------------+------------------------------------+


+----------------------------------------------------------------------------------------+
; Flow OS Summary                                                                        ;
+----------------------+-------------------------+---------+------------+----------------+
; Module Name          ; Machine Hostname        ; OS Name ; OS Version ; Processor type ;
+----------------------+-------------------------+---------+------------+----------------+
; Analysis & Synthesis ; cparch12.ecn.purdue.edu ; Red Hat ; Red Hat    ; x86_64         ;
; Fitter               ; cparch12.ecn.purdue.edu ; Red Hat ; Red Hat    ; x86_64         ;
; Design Assistant     ; cparch12.ecn.purdue.edu ; Red Hat ; Red Hat    ; x86_64         ;
; Timing Analyzer      ; cparch12.ecn.purdue.edu ; Red Hat ; Red Hat    ; x86_64         ;
; EDA Netlist Writer   ; cparch12.ecn.purdue.edu ; Red Hat ; Red Hat    ; x86_64         ;
; MIF/HEX Update       ; cparch12.ecn.purdue.edu ; Red Hat ; Red Hat    ; x86_64         ;
; EDA Netlist Writer   ; cparch12.ecn.purdue.edu ; Red Hat ; Red Hat    ; x86_64         ;
; MIF/HEX Update       ; cparch12.ecn.purdue.edu ; Red Hat ; Red Hat    ; x86_64         ;
; EDA Netlist Writer   ; cparch12.ecn.purdue.edu ; Red Hat ; Red Hat    ; x86_64         ;
; MIF/HEX Update       ; cparch12.ecn.purdue.edu ; Red Hat ; Red Hat    ; x86_64         ;
; EDA Netlist Writer   ; cparch12.ecn.purdue.edu ; Red Hat ; Red Hat    ; x86_64         ;
; MIF/HEX Update       ; cparch12.ecn.purdue.edu ; Red Hat ; Red Hat    ; x86_64         ;
; EDA Netlist Writer   ; cparch12.ecn.purdue.edu ; Red Hat ; Red Hat    ; x86_64         ;
; MIF/HEX Update       ; cparch12.ecn.purdue.edu ; Red Hat ; Red Hat    ; x86_64         ;
; EDA Netlist Writer   ; cparch12.ecn.purdue.edu ; Red Hat ; Red Hat    ; x86_64         ;
; MIF/HEX Update       ; cparch12.ecn.purdue.edu ; Red Hat ; Red Hat    ; x86_64         ;
; EDA Netlist Writer   ; cparch12.ecn.purdue.edu ; Red Hat ; Red Hat    ; x86_64         ;
; MIF/HEX Update       ; cparch12.ecn.purdue.edu ; Red Hat ; Red Hat    ; x86_64         ;
; EDA Netlist Writer   ; cparch12.ecn.purdue.edu ; Red Hat ; Red Hat    ; x86_64         ;
; MIF/HEX Update       ; cparch12.ecn.purdue.edu ; Red Hat ; Red Hat    ; x86_64         ;
; EDA Netlist Writer   ; cparch12.ecn.purdue.edu ; Red Hat ; Red Hat    ; x86_64         ;
; MIF/HEX Update       ; cparch12.ecn.purdue.edu ; Red Hat ; Red Hat    ; x86_64         ;
; EDA Netlist Writer   ; cparch12.ecn.purdue.edu ; Red Hat ; Red Hat    ; x86_64         ;
; MIF/HEX Update       ; cparch12.ecn.purdue.edu ; Red Hat ; Red Hat    ; x86_64         ;
; EDA Netlist Writer   ; cparch12.ecn.purdue.edu ; Red Hat ; Red Hat    ; x86_64         ;
; MIF/HEX Update       ; cparch12.ecn.purdue.edu ; Red Hat ; Red Hat    ; x86_64         ;
; EDA Netlist Writer   ; cparch12.ecn.purdue.edu ; Red Hat ; Red Hat    ; x86_64         ;
; MIF/HEX Update       ; cparch12.ecn.purdue.edu ; Red Hat ; Red Hat    ; x86_64         ;
; EDA Netlist Writer   ; cparch12.ecn.purdue.edu ; Red Hat ; Red Hat    ; x86_64         ;
; MIF/HEX Update       ; cparch12.ecn.purdue.edu ; Red Hat ; Red Hat    ; x86_64         ;
; EDA Netlist Writer   ; cparch12.ecn.purdue.edu ; Red Hat ; Red Hat    ; x86_64         ;
; MIF/HEX Update       ; cparch12.ecn.purdue.edu ; Red Hat ; Red Hat    ; x86_64         ;
; EDA Netlist Writer   ; cparch12.ecn.purdue.edu ; Red Hat ; Red Hat    ; x86_64         ;
; MIF/HEX Update       ; cparch12.ecn.purdue.edu ; Red Hat ; Red Hat    ; x86_64         ;
; EDA Netlist Writer   ; cparch12.ecn.purdue.edu ; Red Hat ; Red Hat    ; x86_64         ;
; MIF/HEX Update       ; cparch12.ecn.purdue.edu ; Red Hat ; Red Hat    ; x86_64         ;
; EDA Netlist Writer   ; cparch12.ecn.purdue.edu ; Red Hat ; Red Hat    ; x86_64         ;
; MIF/HEX Update       ; cparch12.ecn.purdue.edu ; Red Hat ; Red Hat    ; x86_64         ;
; EDA Netlist Writer   ; cparch12.ecn.purdue.edu ; Red Hat ; Red Hat    ; x86_64         ;
; MIF/HEX Update       ; cparch12.ecn.purdue.edu ; Red Hat ; Red Hat    ; x86_64         ;
; EDA Netlist Writer   ; cparch12.ecn.purdue.edu ; Red Hat ; Red Hat    ; x86_64         ;
; MIF/HEX Update       ; cparch12.ecn.purdue.edu ; Red Hat ; Red Hat    ; x86_64         ;
; EDA Netlist Writer   ; cparch12.ecn.purdue.edu ; Red Hat ; Red Hat    ; x86_64         ;
; MIF/HEX Update       ; cparch12.ecn.purdue.edu ; Red Hat ; Red Hat    ; x86_64         ;
+----------------------+-------------------------+---------+------------+----------------+


------------
; Flow Log ;
------------
quartus_map --64bit system -c system
quartus_fit --64bit system -c system
quartus_drc --64bit system -c system
quartus_sta --64bit system -c system
quartus_eda --64bit system -c system
quartus_cdb --64bit --update_mif system --rev=system
quartus_eda --64bit system -c system
quartus_cdb --64bit --update_mif system --rev=system
quartus_eda --64bit system -c system
quartus_cdb --64bit --update_mif system --rev=system
quartus_eda --64bit system -c system
quartus_cdb --64bit --update_mif system --rev=system
quartus_eda --64bit system -c system
quartus_cdb --64bit --update_mif system --rev=system
quartus_eda --64bit system -c system
quartus_cdb --64bit --update_mif system --rev=system
quartus_eda --64bit system -c system
quartus_cdb --64bit --update_mif system --rev=system
quartus_eda --64bit system -c system
quartus_cdb --64bit --update_mif system --rev=system
quartus_eda --64bit system -c system
quartus_cdb --64bit --update_mif system --rev=system
quartus_eda --64bit system -c system
quartus_cdb --64bit --update_mif system --rev=system
quartus_eda --64bit system -c system
quartus_cdb --64bit --update_mif system --rev=system
quartus_eda --64bit system -c system
quartus_cdb --64bit --update_mif system --rev=system
quartus_eda --64bit system -c system
quartus_cdb --64bit --update_mif system --rev=system
quartus_eda --64bit system -c system
quartus_cdb --64bit --update_mif system --rev=system
quartus_eda --64bit system -c system
quartus_cdb --64bit --update_mif system --rev=system
quartus_eda --64bit system -c system
quartus_cdb --64bit --update_mif system --rev=system
quartus_eda --64bit system -c system
quartus_cdb --64bit --update_mif system --rev=system
quartus_eda --64bit system -c system
quartus_cdb --64bit --update_mif system --rev=system
quartus_eda --64bit system -c system
quartus_cdb --64bit --update_mif system --rev=system
quartus_eda --64bit system -c system
quartus_cdb --64bit --update_mif system --rev=system



